BL51 BANKED LINKER/LOCATER V6.22                                                        12/13/2024  15:01:19  PAGE 1


BL51 BANKED LINKER/LOCATER V6.22, INVOKED BY:
D:\KEIL5 51\C51\BIN\BL51.EXE .\Obj\main.obj, .\Obj\Si24R1.obj, .\Obj\public.obj, .\Obj\uart.obj, .\Obj\spi.obj TO .\Obj\
>> template PRINT (.\Obj\template.m51) RAMSIZE (256)


MEMORY MODEL: SMALL


INPUT MODULES INCLUDED:
  .\Obj\main.obj (MAIN)
  .\Obj\Si24R1.obj (SI24R1)
  .\Obj\public.obj (PUBLIC)
  .\Obj\uart.obj (UART)
  .\Obj\spi.obj (SPI)
  D:\KEIL5 51\C51\LIB\C51S.LIB (?C_STARTUP)
  D:\KEIL5 51\C51\LIB\C51S.LIB (?C?COPY)
  D:\KEIL5 51\C51\LIB\C51S.LIB (?C?CLDPTR)
  D:\KEIL5 51\C51\LIB\C51S.LIB (?C?CSTOPTR)
  D:\KEIL5 51\C51\LIB\C51S.LIB (PRINTF)
  D:\KEIL5 51\C51\LIB\C51S.LIB (?C_INIT)
  D:\KEIL5 51\C51\LIB\C51S.LIB (?C?CLDOPTR)
  D:\KEIL5 51\C51\LIB\C51S.LIB (?C?CSTPTR)
  D:\KEIL5 51\C51\LIB\C51S.LIB (?C?PLDIIDATA)
  D:\KEIL5 51\C51\LIB\C51S.LIB (?C?CCASE)
  D:\KEIL5 51\C51\LIB\C51S.LIB (PUTCHAR)


LINK MAP OF MODULE:  .\Obj\template (MAIN)


            TYPE    BASE      LENGTH    RELOCATION   SEGMENT NAME
            -----------------------------------------------------

            * * * * * * *   D A T A   M E M O R Y   * * * * * * *
            REG     0000H     0008H     ABSOLUTE     "REG BANK 0"
            DATA    0008H     000AH     UNIT         ?DT?SI24R1
                    0012H     000EH                  *** GAP ***
            DATA    0020H     0001H     BIT_ADDR     ?BA?SI24R1
            BIT     0021H.0   0001H.1   UNIT         _BIT_GROUP_
                    0022H.1   0000H.7                *** GAP ***
            DATA    0023H     0034H     UNIT         _DATA_GROUP_
            DATA    0057H     0022H     UNIT         ?DT?UART
            IDATA   0079H     0040H     UNIT         ?ID?SI24R1
            IDATA   00B9H     0001H     UNIT         ?STACK

            * * * * * * *   C O D E   M E M O R Y   * * * * * * *
            CODE    0000H     0003H     ABSOLUTE     
            CODE    0003H     0020H     UNIT         ?CO?MAIN
            CODE    0023H     0003H     ABSOLUTE     
            CODE    0026H     035CH     UNIT         ?PR?PRINTF?PRINTF
            CODE    0382H     01A6H     UNIT         ?C?LIB_CODE
            CODE    0528H     008CH     UNIT         ?C_C51STARTUP
            CODE    05B4H     005EH     UNIT         ?PR?SI24R1_INIT?SI24R1
            CODE    0612H     005CH     UNIT         ?PR?SI24R1_CHECK?SI24R1
            CODE    066EH     0055H     UNIT         ?PR?UART_IRQN?UART
            CODE    06C3H     0039H     UNIT         ?PR?_SI24R1_WRITE_BUF?SI24R1
            CODE    06FCH     0035H     UNIT         ?PR?_SI24R1_TXPACKET?SI24R1
            CODE    0731H     0033H     UNIT         ?PR?_SI24R1_RXPACKET?SI24R1
BL51 BANKED LINKER/LOCATER V6.22                                                      12/13/2024  15:01:19  PAGE 2


            CODE    0764H     0031H     UNIT         ?PR?_SI24R1_READ_BUF?SI24R1
            CODE    0795H     002FH     UNIT         ?PR?MAIN?MAIN
            CODE    07C4H     002AH     UNIT         ?PR?_UART_SENDSTRING?UART
            CODE    07EEH     0027H     UNIT         ?PR?PUTCHAR?PUTCHAR
            CODE    0815H     001FH     UNIT         ?PR?_SI24R1_WRITE_REG?SI24R1
            CODE    0834H     001EH     UNIT         ?PR?_DELAY_MS?PUBLIC
            CODE    0852H     001CH     UNIT         ?CO?SI24R1
            CODE    086EH     0019H     UNIT         ?PR?_SW_SPI_READWRITEBYTE?SI24R1
            CODE    0887H     0018H     UNIT         ?PR?UART_INIT?UART
            CODE    089FH     0013H     UNIT         ?C_INITSEG
            CODE    08B2H     000EH     UNIT         ?PR?_UART_SENDDATA?UART
            CODE    08C0H     000DH     UNIT         ?PR?_SI24R1_READ_REG?SI24R1
            CODE    08CDH     000BH     UNIT         ?PR?INIT_IO?SI24R1
            CODE    08D8H     000BH     UNIT         ?PR?_DELAY_10US?PUBLIC
            CODE    08E3H     000AH     UNIT         ?PR?SI24R1_TX_MODE?SI24R1
            CODE    08EDH     000AH     UNIT         ?PR?SI24R1_RX_MODE?SI24R1
            CODE    08F7H     0009H     UNIT         ?PR?RF_RX_INIT?SI24R1
            CODE    0900H     0006H     UNIT         ?PR?_UART_CMD?UART



OVERLAY MAP OF MODULE:   .\Obj\template (MAIN)


SEGMENT                                     BIT_GROUP          DATA_GROUP 
  +--> CALLED SEGMENT                    START    LENGTH     START    LENGTH
----------------------------------------------------------------------------
?C_C51STARTUP                            -----    -----      -----    -----
  +--> ?PR?MAIN?MAIN
  +--> ?C_INITSEG

?PR?MAIN?MAIN                            -----    -----      0023H    0020H
  +--> ?CO?MAIN
  +--> ?PR?UART_INIT?UART
  +--> ?PR?RF_RX_INIT?SI24R1
  +--> ?PR?_SI24R1_RXPACKET?SI24R1
  +--> ?PR?_UART_SENDSTRING?UART

?PR?RF_RX_INIT?SI24R1                    -----    -----      -----    -----
  +--> ?PR?INIT_IO?SI24R1
  +--> ?PR?SI24R1_INIT?SI24R1
  +--> ?PR?SI24R1_RX_MODE?SI24R1

?PR?SI24R1_INIT?SI24R1                   -----    -----      -----    -----
  +--> ?PR?SI24R1_CHECK?SI24R1
  +--> ?CO?SI24R1
  +--> ?PR?PRINTF?PRINTF
  +--> ?PR?_SI24R1_WRITE_REG?SI24R1
  +--> ?PR?_SI24R1_WRITE_BUF?SI24R1
  +--> ?PR?_DELAY_MS?PUBLIC

?PR?SI24R1_CHECK?SI24R1                  -----    -----      0043H    000AH
  +--> ?CO?SI24R1
  +--> ?PR?_SI24R1_WRITE_BUF?SI24R1
  +--> ?PR?_SI24R1_READ_BUF?SI24R1

?PR?_SI24R1_WRITE_BUF?SI24R1             -----    -----      004DH    0005H
BL51 BANKED LINKER/LOCATER V6.22                                                      12/13/2024  15:01:19  PAGE 3


  +--> ?PR?_SW_SPI_READWRITEBYTE?SI24R1

?PR?_SI24R1_READ_BUF?SI24R1              -----    -----      004DH    0005H
  +--> ?PR?_SW_SPI_READWRITEBYTE?SI24R1

?PR?PRINTF?PRINTF                        0021H.0  0001H.1    0043H    0014H
  +--> ?PR?PUTCHAR?PUTCHAR

?PR?_SI24R1_WRITE_REG?SI24R1             -----    -----      -----    -----
  +--> ?PR?_SW_SPI_READWRITEBYTE?SI24R1

?PR?SI24R1_RX_MODE?SI24R1                -----    -----      -----    -----
  +--> ?PR?_SI24R1_WRITE_REG?SI24R1

?PR?_SI24R1_RXPACKET?SI24R1              -----    -----      0043H    0003H
  +--> ?PR?_SI24R1_READ_REG?SI24R1
  +--> ?PR?_SI24R1_WRITE_REG?SI24R1
  +--> ?PR?_SI24R1_READ_BUF?SI24R1

?PR?_SI24R1_READ_REG?SI24R1              -----    -----      -----    -----
  +--> ?PR?_SW_SPI_READWRITEBYTE?SI24R1

?PR?_UART_SENDSTRING?UART                -----    -----      0043H    0003H
  +--> ?PR?_UART_SENDDATA?UART
  +--> ?PR?_DELAY_10US?PUBLIC



SYMBOL TABLE OF MODULE:  .\Obj\template (MAIN)

  VALUE           TYPE          NAME
  ----------------------------------

  -------         MODULE        MAIN
  C:0000H         SYMBOL        _ICE_DUMMY_
  D:0090H         PUBLIC        P1
  D:00B0H         PUBLIC        P3
  D:00A8H         PUBLIC        IE
  D:00B8H         PUBLIC        IP
  C:0795H         PUBLIC        main
  D:0098H         PUBLIC        SCON
  D:0088H         PUBLIC        TCON
  C:0003H         SYMBOL        _?ix1000
  D:00C8H         PUBLIC        T2CON
  D:00D0H         PUBLIC        PSW
  -------         PROC          MAIN
  -------         DO            
  D:0023H         SYMBOL        u
  -------         ENDDO         
  C:0795H         LINE#         22
  C:0795H         LINE#         23
  C:0795H         LINE#         25
  C:07A8H         LINE#         26
  C:07ABH         LINE#         27
  C:07AEH         LINE#         28
  C:07AEH         LINE#         29
  C:07AEH         LINE#         31
BL51 BANKED LINKER/LOCATER V6.22                                                      12/13/2024  15:01:19  PAGE 4


  C:07BAH         LINE#         32
  C:07BAH         LINE#         34
  C:07C2H         LINE#         39
  C:07C2H         LINE#         45
  -------         ENDPROC       MAIN
  -------         ENDMOD        MAIN

  -------         MODULE        SI24R1
  C:0000H         SYMBOL        _ICE_DUMMY_
  D:0090H         PUBLIC        P1
  D:00B0H         PUBLIC        P3
  C:0764H         PUBLIC        _Si24R1_Read_Buf
  C:08C0H         PUBLIC        _Si24R1_Read_Reg
  B:0090H.2       PUBLIC        CE
  I:0079H         PUBLIC        rx_buf
  I:0099H         PUBLIC        tx_buf
  D:00A8H         PUBLIC        IE
  D:0008H         PUBLIC        RX_ADDRESS
  C:06CAH         PUBLIC        _Si24R1_Write_Buf
  D:000DH         PUBLIC        TX_ADDRESS
  C:0823H         PUBLIC        _Si24R1_Write_Reg
  D:00B8H         PUBLIC        IP
  C:08F7H         PUBLIC        RF_RX_Init
  C:08EDH         PUBLIC        Si24R1_RX_Mode
  C:08E3H         PUBLIC        Si24R1_TX_Mode
  C:05B4H         PUBLIC        Si24R1_Init
  C:0731H         PUBLIC        _Si24R1_RxPacket
  C:06FCH         PUBLIC        _Si24R1_TxPacket
  D:0098H         PUBLIC        SCON
  D:0088H         PUBLIC        TCON
  B:0090H.6       PUBLIC        MISO
  B:0090H.5       PUBLIC        MOSI
  C:0864H         SYMBOL        _?ix1000
  C:0869H         SYMBOL        _?ix1001
  D:0020H         PUBLIC        sta
  B:0090H.0       PUBLIC        LED
  B:0090H.7       PUBLIC        SCK
  B:0090H.3       PUBLIC        CSN
  D:00C8H         PUBLIC        T2CON
  C:0612H         PUBLIC        Si24R1_Check
  B:0090H.4       PUBLIC        IRQ
  C:08CDH         PUBLIC        init_io
  D:00D0H         PUBLIC        PSW
  C:086EH         PUBLIC        _SW_SPI_ReadWriteByte
  -------         PROC          INIT_IO
  C:08CDH         LINE#         41
  C:08CDH         LINE#         42
  C:08CDH         LINE#         43
  C:08CFH         LINE#         44
  C:08D1H         LINE#         45
  C:08D3H         LINE#         46
  C:08D5H         LINE#         47
  C:08D7H         LINE#         48
  -------         ENDPROC       INIT_IO
  -------         PROC          _SW_SPI_READWRITEBYTE
  D:0007H         SYMBOL        byte
  -------         DO            
BL51 BANKED LINKER/LOCATER V6.22                                                      12/13/2024  15:01:19  PAGE 5


  D:0006H         SYMBOL        bit_ctr
  -------         ENDDO         
  C:086EH         LINE#         51
  C:086EH         LINE#         52
  C:086EH         LINE#         55
  C:0870H         LINE#         56
  C:0870H         LINE#         57
  C:0874H         LINE#         58
  C:0878H         LINE#         59
  C:087AH         LINE#         60
  C:0880H         LINE#         61
  C:0882H         LINE#         62
  C:0886H         LINE#         64
  C:0886H         LINE#         65
  -------         ENDPROC       _SW_SPI_READWRITEBYTE
  -------         PROC          L?0033
  -------         ENDPROC       L?0033
  -------         PROC          _SI24R1_WRITE_REG
  D:0007H         SYMBOL        reg
  D:0005H         SYMBOL        value
  -------         DO            
  D:0004H         SYMBOL        status
  -------         ENDDO         
  C:0823H         LINE#         71
  C:0823H         LINE#         72
  C:0823H         LINE#         74
  C:0825H         LINE#         75
  C:082AH         LINE#         76
  C:082FH         LINE#         77
  C:0831H         LINE#         79
  C:0833H         LINE#         80
  -------         ENDPROC       _SI24R1_WRITE_REG
  -------         PROC          _SI24R1_READ_REG
  D:0007H         SYMBOL        reg
  -------         DO            
  D:0007H         SYMBOL        reg_val
  -------         ENDDO         
  C:08C0H         LINE#         87
  C:08C0H         LINE#         88
  C:08C0H         LINE#         90
  C:08C2H         LINE#         91
  C:08C5H         LINE#         92
  C:08CAH         LINE#         93
  C:08CCH         LINE#         95
  C:08CCH         LINE#         96
  -------         ENDPROC       _SI24R1_READ_REG
  -------         PROC          L?0034
  -------         ENDPROC       L?0034
  -------         PROC          _SI24R1_WRITE_BUF
  D:0007H         SYMBOL        reg
  D:004EH         SYMBOL        pBuf
  D:0051H         SYMBOL        len
  -------         DO            
  D:0005H         SYMBOL        status
  D:0004H         SYMBOL        ctr
  -------         ENDDO         
  C:06CAH         LINE#         105
BL51 BANKED LINKER/LOCATER V6.22                                                      12/13/2024  15:01:19  PAGE 6


  C:06D0H         LINE#         106
  C:06D0H         LINE#         109
  C:06D2H         LINE#         110
  C:06D7H         LINE#         111
  C:06DFH         LINE#         112
  C:06DFH         LINE#         113
  C:06F4H         LINE#         116
  C:06F7H         LINE#         117
  C:06F9H         LINE#         118
  C:06FBH         LINE#         119
  -------         ENDPROC       _SI24R1_WRITE_BUF
  -------         PROC          _SI24R1_READ_BUF
  D:0007H         SYMBOL        reg
  D:004EH         SYMBOL        pBuf
  D:0051H         SYMBOL        len
  -------         DO            
  D:0005H         SYMBOL        status
  D:0004H         SYMBOL        u8_ctr
  -------         ENDDO         
  C:0764H         LINE#         127
  C:076AH         LINE#         128
  C:076AH         LINE#         130
  C:076CH         LINE#         131
  C:0771H         LINE#         132
  C:0779H         LINE#         133
  C:0779H         LINE#         134
  C:078DH         LINE#         137
  C:0790H         LINE#         138
  C:0792H         LINE#         139
  C:0794H         LINE#         141
  -------         ENDPROC       _SI24R1_READ_BUF
  -------         PROC          _SI24R1_TXPACKET
  D:0001H         SYMBOL        txbuf
  -------         DO            
  D:0003H         SYMBOL        sta
  -------         ENDDO         
  C:06FCH         LINE#         149
  C:06FCH         LINE#         150
  C:06FCH         LINE#         152
  C:06FEH         LINE#         153
  C:0706H         LINE#         154
  C:0708H         LINE#         156
  C:070BH         LINE#         157
  C:0712H         LINE#         158
  C:0719H         LINE#         159
  C:071DH         LINE#         160
  C:071DH         LINE#         161
  C:0724H         LINE#         162
  C:0727H         LINE#         164
  C:0727H         LINE#         166
  C:072BH         LINE#         167
  C:072BH         LINE#         169
  C:072EH         LINE#         170
  C:072EH         LINE#         172
  C:0730H         LINE#         173
  -------         ENDPROC       _SI24R1_TXPACKET
  -------         PROC          _SI24R1_RXPACKET
BL51 BANKED LINKER/LOCATER V6.22                                                      12/13/2024  15:01:19  PAGE 7


  D:0043H         SYMBOL        rxbuf
  -------         DO            
  D:0003H         SYMBOL        sta
  -------         ENDDO         
  C:0731H         LINE#         179
  C:0737H         LINE#         180
  C:0737H         LINE#         183
  C:073EH         LINE#         184
  C:0745H         LINE#         185
  C:0749H         LINE#         186
  C:0749H         LINE#         188
  C:0757H         LINE#         190
  C:075EH         LINE#         191
  C:0761H         LINE#         192
  C:0761H         LINE#         193
  C:0763H         LINE#         194
  -------         ENDPROC       _SI24R1_RXPACKET
  -------         PROC          SI24R1_TX_MODE
  C:08E3H         LINE#         197
  C:08E3H         LINE#         198
  C:08E3H         LINE#         200
  C:08E5H         LINE#         201
  C:08E7H         LINE#         202
  C:08E7H         LINE#         203
  C:08EAH         LINE#         204
  C:08ECH         LINE#         206
  -------         ENDPROC       SI24R1_TX_MODE
  -------         PROC          SI24R1_RX_MODE
  C:08EDH         LINE#         210
  C:08EDH         LINE#         211
  C:08EDH         LINE#         213
  C:08EFH         LINE#         214
  C:08F1H         LINE#         215
  C:08F1H         LINE#         216
  C:08F4H         LINE#         217
  C:08F6H         LINE#         219
  -------         ENDPROC       SI24R1_RX_MODE
  -------         PROC          SI24R1_CHECK
  -------         DO            
  D:0043H         SYMBOL        check_in_data
  D:0048H         SYMBOL        check_out_data
  -------         ENDDO         
  C:0612H         LINE#         222
  C:0612H         LINE#         223
  C:0612H         LINE#         224
  C:0625H         LINE#         225
  C:0638H         LINE#         227
  C:063AH         LINE#         228
  C:0641H         LINE#         229
  C:064FH         LINE#         230
  C:0668H         LINE#         235
  C:066BH         LINE#         237
  C:066DH         LINE#         238
  -------         ENDPROC       SI24R1_CHECK
  -------         PROC          SI24R1_INIT
  C:05B4H         LINE#         242
  C:05B4H         LINE#         243
BL51 BANKED LINKER/LOCATER V6.22                                                      12/13/2024  15:01:19  PAGE 8


  C:05B4H         LINE#         244
  C:05BAH         LINE#         245
  C:05BAH         LINE#         246
  C:05C3H         LINE#         248
  C:05C5H         LINE#         251
  C:05C7H         LINE#         252
  C:05CEH         LINE#         253
  C:05D5H         LINE#         254
  C:05E3H         LINE#         255
  C:05EAH         LINE#         256
  C:05EFH         LINE#         257
  C:05F6H         LINE#         258
  C:05FCH         LINE#         259
  C:0603H         LINE#         260
  C:0608H         LINE#         261
  C:060FH         LINE#         262
  C:0611H         LINE#         264
  -------         ENDPROC       SI24R1_INIT
  -------         PROC          RF_RX_INIT
  C:08F7H         LINE#         267
  C:08F7H         LINE#         268
  C:08F7H         LINE#         270
  C:08FAH         LINE#         271
  C:08FDH         LINE#         272
  -------         ENDPROC       RF_RX_INIT
  -------         ENDMOD        SI24R1

  -------         MODULE        PUBLIC
  C:0000H         SYMBOL        _ICE_DUMMY_
  D:0090H         PUBLIC        P1
  D:00B0H         PUBLIC        P3
  D:00A8H         PUBLIC        IE
  D:00B8H         PUBLIC        IP
  D:0098H         PUBLIC        SCON
  D:0088H         PUBLIC        TCON
  C:08D8H         PUBLIC        _delay_10us
  C:0834H         PUBLIC        _delay_ms
  D:00C8H         PUBLIC        T2CON
  D:00D0H         PUBLIC        PSW
  -------         PROC          _DELAY_10US
  D:0006H         SYMBOL        ten_us
  C:08D8H         LINE#         9
  C:08D8H         LINE#         10
  C:08D8H         LINE#         11
  C:08E2H         LINE#         12
  -------         ENDPROC       _DELAY_10US
  -------         PROC          _DELAY_MS
  D:0006H         SYMBOL        ms
  -------         DO            
  D:0006H         SYMBOL        i
  D:0004H         SYMBOL        j
  -------         ENDDO         
  C:0834H         LINE#         20
  C:0834H         LINE#         21
  C:0834H         LINE#         23
  C:083DH         LINE#         24
  C:0851H         LINE#         25
BL51 BANKED LINKER/LOCATER V6.22                                                      12/13/2024  15:01:19  PAGE 9


  -------         ENDPROC       _DELAY_MS
  -------         ENDMOD        PUBLIC

  -------         MODULE        UART
  C:0000H         SYMBOL        _ICE_DUMMY_
  D:0090H         PUBLIC        P1
  D:00B0H         PUBLIC        P3
  B:00A8H.7       PUBLIC        EA
  D:0057H         PUBLIC        UART_RX_BUF
  D:00A8H         PUBLIC        IE
  D:0077H         PUBLIC        UART_RX_STA
  B:00A8H.4       PUBLIC        ES
  D:00B8H         PUBLIC        IP
  B:0098H.0       PUBLIC        RI
  B:0098H.1       PUBLIC        TI
  C:07C4H         PUBLIC        _UART_SendString
  C:08B2H         PUBLIC        _UART_SendData
  D:0099H         PUBLIC        SBUF
  D:0087H         PUBLIC        PCON
  C:0900H         PUBLIC        _UART_Cmd
  C:0887H         PUBLIC        UART_Init
  D:0098H         PUBLIC        SCON
  D:0089H         PUBLIC        TMOD
  D:0088H         PUBLIC        TCON
  D:008DH         PUBLIC        TH1
  D:008BH         PUBLIC        TL1
  B:0088H.6       PUBLIC        TR1
  D:00C8H         PUBLIC        T2CON
  C:066EH         PUBLIC        UART_IRQn
  D:00D0H         PUBLIC        PSW
  -------         PROC          UART_INIT
  C:0887H         LINE#         5
  C:0887H         LINE#         6
  C:0887H         LINE#         7
  C:088AH         LINE#         8
  C:088DH         LINE#         9
  C:0890H         LINE#         10
  C:0893H         LINE#         11
  C:0896H         LINE#         12
  C:0898H         LINE#         13
  C:089AH         LINE#         14
  C:089CH         LINE#         15
  C:089EH         LINE#         16
  -------         ENDPROC       UART_INIT
  -------         PROC          _UART_CMD
  D:0007H         SYMBOL        ensta
  C:0900H         LINE#         18
  C:0900H         LINE#         19
  C:0900H         LINE#         20
  C:0905H         LINE#         21
  -------         ENDPROC       _UART_CMD
  -------         PROC          _UART_SENDDATA
  D:0007H         SYMBOL        dat
  C:08B2H         LINE#         23
  C:08B2H         LINE#         24
  C:08B2H         LINE#         25
  C:08B4H         LINE#         26
BL51 BANKED LINKER/LOCATER V6.22                                                      12/13/2024  15:01:19  PAGE 10


  C:08B6H         LINE#         27
  C:08B8H         LINE#         28
  C:08BBH         LINE#         29
  C:08BDH         LINE#         30
  C:08BFH         LINE#         31
  -------         ENDPROC       _UART_SENDDATA
  -------         PROC          _UART_SENDSTRING
  D:0043H         SYMBOL        pbuf
  C:07C4H         LINE#         33
  C:07CAH         LINE#         34
  C:07CAH         LINE#         35
  C:07D6H         LINE#         36
  C:07D6H         LINE#         37
  C:07D9H         LINE#         38
  C:07E0H         LINE#         39
  C:07EBH         LINE#         40
  C:07EDH         LINE#         41
  -------         ENDPROC       _UART_SENDSTRING
  -------         PROC          UART_IRQN
  -------         DO            
  D:0007H         SYMBOL        r
  -------         ENDDO         
  C:066EH         LINE#         58
  C:0679H         LINE#         62
  C:067CH         LINE#         63
  C:067CH         LINE#         64
  C:067EH         LINE#         65
  C:0680H         LINE#         66
  C:0685H         LINE#         67
  C:0685H         LINE#         68
  C:0688H         LINE#         69
  C:0688H         LINE#         70
  C:068FH         LINE#         71
  C:0692H         LINE#         72
  C:0694H         LINE#         74
  C:0694H         LINE#         75
  C:069CH         LINE#         77
  C:069CH         LINE#         78
  C:06A3H         LINE#         79
  C:06ABH         LINE#         80
  C:06BAH         LINE#         81
  C:06BAH         LINE#         82
  C:06BAH         LINE#         83
  C:06BAH         LINE#         84
  C:06BAH         LINE#         85
  -------         ENDPROC       UART_IRQN
  -------         ENDMOD        UART

  -------         MODULE        SPI
  C:0000H         SYMBOL        _ICE_DUMMY_
  -------         ENDMOD        SPI

  -------         MODULE        ?C?COPY
  C:0452H         PUBLIC        ?C?COPY
  -------         ENDMOD        ?C?COPY

  -------         MODULE        ?C?CLDPTR
BL51 BANKED LINKER/LOCATER V6.22                                                      12/13/2024  15:01:19  PAGE 11


  C:0478H         PUBLIC        ?C?CLDPTR
  -------         ENDMOD        ?C?CLDPTR

  -------         MODULE        ?C?CSTOPTR
  C:0491H         PUBLIC        ?C?CSTOPTR
  -------         ENDMOD        ?C?CSTOPTR

  -------         MODULE        PRINTF
  D:0043H         PUBLIC        ?_PRINTF517?BYTE
  D:0043H         PUBLIC        ?_PRINTF?BYTE
  D:0043H         PUBLIC        ?_SPRINTF517?BYTE
  D:0043H         PUBLIC        ?_SPRINTF?BYTE
  C:0088H         PUBLIC        _PRINTF
  C:0088H         PUBLIC        _PRINTF517
  C:0082H         PUBLIC        _SPRINTF
  C:0082H         PUBLIC        _SPRINTF517
  -------         ENDMOD        PRINTF

  -------         MODULE        ?C?CLDOPTR
  C:04B3H         PUBLIC        ?C?CLDOPTR
  -------         ENDMOD        ?C?CLDOPTR

  -------         MODULE        ?C?CSTPTR
  C:04E0H         PUBLIC        ?C?CSTPTR
  -------         ENDMOD        ?C?CSTPTR

  -------         MODULE        ?C?PLDIIDATA
  C:04F2H         PUBLIC        ?C?PLDIIDATA
  -------         ENDMOD        ?C?PLDIIDATA

  -------         MODULE        ?C?CCASE
  C:0502H         PUBLIC        ?C?CCASE
  -------         ENDMOD        ?C?CCASE

  -------         MODULE        PUTCHAR
  C:07EEH         PUBLIC        _PUTCHAR
  -------         ENDMOD        PUTCHAR

*** WARNING L16: UNCALLED SEGMENT, IGNORED FOR OVERLAY PROCESS
    SEGMENT: ?PR?_SI24R1_TXPACKET?SI24R1

*** WARNING L16: UNCALLED SEGMENT, IGNORED FOR OVERLAY PROCESS
    SEGMENT: ?PR?SI24R1_TX_MODE?SI24R1

*** WARNING L16: UNCALLED SEGMENT, IGNORED FOR OVERLAY PROCESS
    SEGMENT: ?PR?_UART_CMD?UART

Program Size: data=171.1 xdata=0 code=2310
LINK/LOCATE RUN COMPLETE.  3 WARNING(S),  0 ERROR(S)
