<html>
<body>
<pre>
<h1>礦ision Build Log</h1>
<h2>Tool Versions:</h2>
IDE-Version: μVision V5.24.2.0
Copyright (C) 2017 ARM Ltd and ARM Germany GmbH. All rights reserved.
License Information: 2321 Me, Me, LIC=BUURY-I2J7D-SBUEJ-UK8ZV-UYXSQ-YTV02
 
Tool Versions:
Toolchain:       MDK-ARM Plus  Version: 5.24.1
Toolchain Path:  D:\keil5\ARM\ARMCC\Bin
C Compiler:      Armcc.exe V5.06 update 5 (build 528)
Assembler:       Armasm.exe V5.06 update 5 (build 528)
Linker/Locator:  ArmLink.exe V5.06 update 5 (build 528)
Library Manager: ArmAr.exe V5.06 update 5 (build 528)
Hex Converter:   FromElf.exe V5.06 update 5 (build 528)
CPU DLL:         SARMCM3.DLL V5.24.1
Dialog DLL:      DCM.DLL V1.16.0.0
Target DLL:      Segger\JL2CM3.dll V2.99.26.0
Dialog DLL:      TCM.DLL V1.32.0.0
 
<h2>Project:</h2>
D:\BK3633\2.4G\1.软件资料\NR\NR-02\6.例程\STM32\TX\Si24R1\USER\Template.uvprojx
Project File Date:  05/14/2025

<h2>Output:</h2>
*** Using Compiler 'V5.06 update 5 (build 528)', folder: 'D:\keil5\ARM\ARMCC\Bin'
Build target 'Template'
compiling si24r1.c...
..\RF\SI24R1\si24r1.h(98): warning:  #1-D: last line of file ends without a newline
  #endif
..\RF\TIMER\Timer.h(7): warning:  #1-D: last line of file ends without a newline
  #endif
..\RF\User_SPI\User_spi.h(26): warning:  #1-D: last line of file ends without a newline
  #endif
..\RF\SI24R1\si24r1.c(114): warning:  #223-D: function "LED1_OFF" declared implicitly
  		LED1_OFF();
..\RF\SI24R1\si24r1.c(121): warning:  #223-D: function "LED1_ON" declared implicitly
  		LED1_ON();
..\RF\SI24R1\si24r1.c(126): warning:  #223-D: function "LED1_OFF" declared implicitly
  	LED1_OFF();
..\RF\SI24R1\si24r1.c(204): warning:  #223-D: function "printf" declared implicitly
  		printf("No Si24R1 Error\r\n");
..\RF\SI24R1\si24r1.c: 7 warnings, 0 errors
linking...
Program Size: Code=5696 RO-data=380 RW-data=60 ZI-data=1836  
FromELF: creating hex file...
"..\OBJ\Template.hex" - 0 Error(s), 7 Warning(s).

<h2>Software Packages used:</h2>

Package Vendor: Keil
                http://www.keil.com/pack/Keil.STM32F1xx_DFP.2.4.0.pack
                Keil.STM32F1xx_DFP.2.4.0
                STMicroelectronics STM32F1 Series Device Support, Drivers and Examples

<h2>Collection of Component include folders:</h2>
  .\RTE\_Template
  D:\keil5\Keil\STM32F1xx_DFP\2.4.0\Device\Include

<h2>Collection of Component Files used:</h2>
Build Time Elapsed:  00:00:02
</pre>
</body>
</html>
