C51 COMPILER V9.54   SI24R1                                                                11/15/2024 11:11:27 PAGE 1   


C51 COMPILER V9.54, COMPILATION OF MODULE SI24R1
OBJECT MODULE PLACED IN .\Obj\Si24R1.obj
COMPILER INVOKED BY: D:\Keil5 51\C51\BIN\C51.EXE App\Si24R1\Si24R1.c OPTIMIZE(8,SPEED) BROWSE INCDIR(.\App\Si24R1;.\Publ
                    -ic) DEBUG OBJECTEXTEND PRINT(.\Obj\Si24R1.lst) TABS(2) OBJECT(.\Obj\Si24R1.obj)

line level    source

   1          /**@file        si24r1.c
   2          * @brief           si24r1 low level operations and configurations.
   3          * @author           oyz
   4          * @date             2024.10.22
   5          * @version          1.0
   6          * @copyright        Shenzhen DX-SMART Technology Co.Ltd
   7          **********************************************************************************
   8          */
   9          #include "Si24R1.h"
  10          #include <intrins.h>
  11          #include <string.h>
  12          #include "uart.h"
  13          
  14          uchar const TX_ADDRESS[TX_ADDR_WIDTH]={0x01,0x02,0x03,0x04,0x05};
  15          uchar const RX_ADDRESS[RX_ADDR_WIDTH]={0x01,0x02,0x03,0x04,0x05};
  16          
  17          idata unsigned char rx_buf[R_RX_PAYLOAD_WIDTH];
  18          
  19          idata unsigned char tx_buf[W_RX_PAYLOAD_WIDTH];
  20          
  21          //uchar flag;
  22          sbit LED = P1^0;
  23          
  24          uchar bdata sta;
  25          //uchar DATA = 0x01;
  26          
  27          
  28          //sbit  RX_DR     = sta^6;
  29          //sbit  TX_DS     = sta^5;
  30          //sbit  MAX_RT    = sta^4;
  31          
  32          //Si24R1 模块引脚位定义
  33          sbit CE  =  P1^2;
  34          sbit CSN =  P1^3;
  35          sbit SCK =  P1^7;
  36          sbit MOSI= P1^5;
  37          sbit MISO= P1^6;
  38          sbit IRQ = P1^4;
  39          
  40          
  41          //初始化IO口，软件SPI
  42          void init_io(void)
  43          {
  44   1          CE  = 0;        // 待机
  45   1          CSN = 1;        // SPI传输结束
  46   1          SCK = 0;        // SPI时钟置低
  47   1          IRQ = 1;        // 中断
  48   1          LED = 0;        // 关闭指示灯
  49   1      }
  50          
  51          
  52          uchar SW_SPI_ReadWriteByte(uchar byte)
  53          {
  54   1          uchar   bit_ctr;
C51 COMPILER V9.54   SI24R1                                                                11/15/2024 11:11:27 PAGE 2   

  55   1          // output 8-bits
  56   1          for (bit_ctr = 0; bit_ctr < 8; bit_ctr++)
  57   1          {
  58   2              MOSI = (byte & 0x80);   // output 'byte' MSB to MOSI
  59   2              byte = (byte << 1);     // shift next bit into MSB..
  60   2              SCK = 1;                // Set SCK high.. 24R1 read 1-bit from MOSI and output 1-bit to MISO 
  61   2              byte |= MISO;           // capture current MISO bit 
  62   2              SCK = 0;                // ..then set SCK low again
  63   2          }
  64   1      
  65   1          return (byte);  // return read byte
  66   1      }
  67          
  68          //Si24R1写寄存器
  69          //SPI写寄存器
  70          //reg:指定寄存器地址
  71          //value:写入的值
  72          uchar Si24R1_Write_Reg(uchar reg,uchar value)
  73          {
  74   1        uchar status;
  75   1        CSN=0;      //使能SPI传输
  76   1        status=SW_SPI_ReadWriteByte(reg);   //读取寄存器内容
  77   1        SW_SPI_ReadWriteByte(value);  //写入寄存器的值
  78   1        CSN=1;     //SPI传输结束
  79   1      
  80   1        return(status);             //返回状态值
  81   1      }
  82          
  83          
  84          //Si24R1读寄存器
  85          //SPI写寄存器
  86          //reg:指定寄存器地址
  87          //value:写入的值
  88          uchar Si24R1_Read_Reg(uchar reg)
  89          {
  90   1        uchar reg_val;
  91   1        CSN=0;      //使能SPI传输
  92   1        SW_SPI_ReadWriteByte(reg);  //写入寄存器的值
  93   1        reg_val=SW_SPI_ReadWriteByte(NOP);  //空操作，用来读取状态寄存器
  94   1        CSN=1;     //SPI传输结束
  95   1      
  96   1        return reg_val;             //返回状态值
  97   1      }
  98          
  99          
 100          
 101          //Si24R1写数据
 102          //reg:寄存器(位置)
 103          //*pBuf:数据指针
 104          //len:数据长度
 105          //返回值,此次读到的状态寄存器值
 106          uchar Si24R1_Write_Buf(uchar reg, uchar *pBuf, uchar len)
 107          {
 108   1      
 109   1        uchar status,ctr;
 110   1        CSN=0;             //使能SPI传输          
 111   1        status=SW_SPI_ReadWriteByte(reg); //发送寄存器值(位置),并读取状态值
 112   1        for(ctr=0;ctr<len;ctr++)
 113   1        {
 114   2          SW_SPI_ReadWriteByte(*pBuf++);  //写入数据   
 115   2        
 116   2        
C51 COMPILER V9.54   SI24R1                                                                11/15/2024 11:11:27 PAGE 3   

 117   2        }
 118   1        CSN=1;            //SPI传输结束
 119   1        return(status);             //返回状态值
 120   1      }
 121          
 122          
 123          //Si24R1读数据
 124          //reg:寄存器(位置)
 125          //*pBuf:数据指针
 126          //len:数据长度
 127          //返回值,此次读到的状态寄存器值
 128          uchar Si24R1_Read_Buf(uchar reg, uchar *pBuf, uchar len)
 129          {
 130   1        uchar status,u8_ctr;
 131   1        CSN=0;  
 132   1        status=SW_SPI_ReadWriteByte(reg);
 133   1        for(u8_ctr=0;u8_ctr<len;u8_ctr++)
 134   1        {
 135   2          pBuf[u8_ctr]=SW_SPI_ReadWriteByte(0xff);  //读数据   
 136   2        
 137   2        
 138   2        }
 139   1        CSN=1;            //SPI传输结束
 140   1        return status;            //返回状态值
 141   1      
 142   1      }
 143          
 144          
 145          
 146          
 147          //启动Si24R1发送一次数据
 148          //txbuf:待发送数据首地址
 149          //返回值:发送完成状况
 150          uchar Si24R1_TxPacket(uchar *txbuf)
 151          {
 152   1        uchar sta;
 153   1        CE=0;
 154   1        Si24R1_TX_Mode();
 155   1        Si24R1_Write_Buf(WR_TX_PLOAD,txbuf,W_RX_PAYLOAD_WIDTH); //写数据到TX BUF  32个字节
 156   1        CE=1;
 157   1          
 158   1        while(IRQ!=0);                           //数据发送完成中断
 159   1        sta=Si24R1_Read_Reg(STATUS);           //读取状态寄存器的值
 160   1        Si24R1_Write_Reg(NRF_WRITE_REG+STATUS,sta);     //清除TX_DS或MAX_RT中断标志
 161   1        Si24R1_RX_Mode();
 162   1        if(sta&MAX_TX)                    //达到最大重发次数
 163   1        {
 164   2          Si24R1_Write_Reg(FLUSH_TX,0xff);    //清除TX FIFO寄存器 
 165   2          return 2; 
 166   2        
 167   2        }
 168   1        
 169   1        if(sta&TX_OK)                     //发送完成
 170   1        {
 171   2      
 172   2          return 1;
 173   2        }
 174   1        
 175   1        return 0;                       //其他原因发送失败
 176   1      }
 177          
 178          
C51 COMPILER V9.54   SI24R1                                                                11/15/2024 11:11:27 PAGE 4   

 179          //Si24R1接收一次数据
 180          //rxbuf:Si24R1接收一次数据
 181          //返回值:0，接收完成；其他，错误代码
 182          uchar Si24R1_RxPacket(uchar *rxbuf)
 183          {
 184   1        uchar sta;                         
 185   1         
 186   1        sta=Si24R1_Read_Reg(STATUS);  //读取状态寄存器的值       
 187   1        Si24R1_Write_Reg(NRF_WRITE_REG+STATUS,sta); //清除TX_DS或MAX_RT中断标志
 188   1        if(sta&RX_OK)//接收到数据
 189   1        {
 190   2          
 191   2          Si24R1_Read_Buf(RD_RX_PLOAD,rxbuf,R_RX_PAYLOAD_WIDTH);//读取数据
 192   2          
 193   2          Si24R1_Write_Reg(FLUSH_RX,0xff);//清除RX FIFO寄存器 
 194   2          return 0; 
 195   2        }    
 196   1        return 1;//没收到任何数据
 197   1      }   
 198          
 199          //设置Si24R1为TX模式
 200          void Si24R1_TX_Mode(void)
 201          {
 202   1      
 203   1        CE=0;
 204   1        Si24R1_Write_Reg(NRF_WRITE_REG+CONFIG,0x0e);
 205   1          Si24R1_Write_Reg(FLUSH_RX,0xff);
 206   1        Si24R1_Write_Reg(FLUSH_TX,0xff);
 207   1        CE=1;
 208   1      
 209   1      }
 210          
 211          
 212          //设置Si24R1为RX模式
 213          void Si24R1_RX_Mode(void)
 214          {
 215   1      
 216   1        CE=0;
 217   1        Si24R1_Write_Reg(NRF_WRITE_REG+CONFIG,0x0f);
 218   1          Si24R1_Write_Reg(FLUSH_RX,0xff);
 219   1        Si24R1_Write_Reg(FLUSH_TX,0xff);
 220   1        CE=1;
 221   1      
 222   1      }
 223          
 224          //Si24R1检测函数
 225          uchar Si24R1_Check(void)
 226          {
 227   1        uchar check_in_data[5]={0X55,0XAA,0X55,0XAA,0X55};
 228   1        uchar check_out_data[5]={0x00};
 229   1        
 230   1        CE=0;
 231   1        Si24R1_Write_Buf(NRF_WRITE_REG+TX_ADDR,check_in_data,5);
 232   1        Si24R1_Read_Buf(NRF_READ_REG+TX_ADDR,check_out_data,5);
 233   1        if( (check_out_data[0]==0x55)&&
 234   1          (check_out_data[1]==0xAA)&&
 235   1          (check_out_data[2]==0x55)&&
 236   1          (check_out_data[3]==0xAA)&&
 237   1          (check_out_data[4]==0x55))
 238   1          return 0;
 239   1        else
 240   1          return 1;
C51 COMPILER V9.54   SI24R1                                                                11/15/2024 11:11:27 PAGE 5   

 241   1      }
 242          
 243          
 244          //Si24R1初始化函数
 245          void Si24R1_Init(void)
 246          {
 247   1        while(Si24R1_Check())
 248   1        {
 249   2          printf("No Si24R1 Error\r\n");
 250   2          //delay_ms(50);
 251   2        }
 252   1        
 253   1        
 254   1        CE=0;
 255   1        Si24R1_Write_Reg(NRF_WRITE_REG+RX_PW_P0,R_RX_PAYLOAD_WIDTH);        //选择通道0的有效数据宽度       
 256   1        Si24R1_Write_Buf(NRF_WRITE_REG+TX_ADDR,(uchar*)TX_ADDRESS,TX_ADDR_WIDTH);   //写TX节点地址 
 257   1        Si24R1_Write_Buf(NRF_WRITE_REG+RX_ADDR_P0,(uchar*)RX_ADDRESS,RX_ADDR_WIDTH);  //写 Rx 节点的地址（主要是为
             -了使能 Auto Ack）
 258   1        Si24R1_Write_Reg(NRF_WRITE_REG+EN_AA,0x01);     //使能 AUTO ACK EN_AA  开启自动应答
 259   1        Si24R1_Write_Reg(NRF_WRITE_REG+EN_RXADDR,0x01);   //使能通道0的接收地址  
 260   1        Si24R1_Write_Reg(NRF_WRITE_REG+SETUP_RETR,0x03);  //250us重发延时，自动重发3次
 261   1        Si24R1_Write_Reg(NRF_WRITE_REG+RF_CH,2);           //2402MHZ
 262   1        Si24R1_Write_Reg(NRF_WRITE_REG+RF_SETUP,0x0f);    //2Mbps,7dbm
 263   1        Si24R1_Write_Reg(NRF_WRITE_REG+CONFIG,0x0f);     //配置基本工作模式的参数;PWR_UP,EN_CRC,16BIT_CRC,接收模式,
             -开启所有中断
 264   1        //delay_ms(20);
 265   1        CE=1;
 266   1        
 267   1      }
 268          
 269          
 270          void RF_RX_Init(void)
 271          {
 272   1        
 273   1        init_io();
 274   1        Si24R1_Init();
 275   1        Si24R1_RX_Mode();
 276   1      }
 277          
 278          void APP_RecieveHandler(void)
 279          {
 280   1        u8 u[12];
 281   1          if(Si24R1_RxPacket(u) ==0)
 282   1          {
 283   2            
 284   2            UART_SendString(u);
 285   2            
 286   2            
 287   2          }
 288   1      }
 289          
 290          void APP_TransmitHandler(void)
 291          {
 292   1        unsigned char rx_buf[12]=" hello \r\n";
 293   1        Si24R1_TxPacket(rx_buf);
 294   1        delay_ms(500);
 295   1      }
 296          
 297          //收发一体
 298          void APP_Process(void)
 299          {
 300   1          for(;;)
C51 COMPILER V9.54   SI24R1                                                                11/15/2024 11:11:27 PAGE 6   

 301   1          {
 302   2      
 303   2             APP_RecieveHandler();
 304   2              APP_TransmitHandler();
 305   2          }
 306   1      }


MODULE INFORMATION:   STATIC OVERLAYABLE
   CODE SIZE        =    582    ----
   CONSTANT SIZE    =     40    ----
   XDATA SIZE       =   ----    ----
   PDATA SIZE       =   ----    ----
   DATA SIZE        =     11      51
   IDATA SIZE       =     64    ----
   BIT SIZE         =   ----    ----
END OF MODULE INFORMATION.


C51 COMPILATION COMPLETE.  0 WARNING(S),  0 ERROR(S)
