BL51 BANKED LINKER/LOCATER V6.22                                                        11/15/2024  11:11:27  PAGE 1


BL51 BANKED LINKER/LOCATER V6.22, INVOKED BY:
D:\KEIL5 51\C51\BIN\BL51.EXE .\Obj\main.obj, .\Obj\Si24R1.obj, .\Obj\public.obj, .\Obj\uart.obj, .\Obj\spi.obj TO .\Obj\
>> template PRINT (.\Obj\template.m51) RAMSIZE (256)


MEMORY MODEL: SMALL


INPUT MODULES INCLUDED:
  .\Obj\main.obj (MAIN)
  .\Obj\Si24R1.obj (SI24R1)
  .\Obj\public.obj (PUBLIC)
  .\Obj\uart.obj (UART)
  .\Obj\spi.obj (SPI)
  D:\KEIL5 51\C51\LIB\C51S.LIB (?C_STARTUP)
  D:\KEIL5 51\C51\LIB\C51S.LIB (?C?COPY)
  D:\KEIL5 51\C51\LIB\C51S.LIB (?C?CLDPTR)
  D:\KEIL5 51\C51\LIB\C51S.LIB (?C?CSTOPTR)
  D:\KEIL5 51\C51\LIB\C51S.LIB (PRINTF)
  D:\KEIL5 51\C51\LIB\C51S.LIB (?C_INIT)
  D:\KEIL5 51\C51\LIB\C51S.LIB (?C?CLDOPTR)
  D:\KEIL5 51\C51\LIB\C51S.LIB (?C?CSTPTR)
  D:\KEIL5 51\C51\LIB\C51S.LIB (?C?PLDIIDATA)
  D:\KEIL5 51\C51\LIB\C51S.LIB (?C?CCASE)
  D:\KEIL5 51\C51\LIB\C51S.LIB (PUTCHAR)


LINK MAP OF MODULE:  .\Obj\template (MAIN)


            TYPE    BASE      LENGTH    RELOCATION   SEGMENT NAME
            -----------------------------------------------------

            * * * * * * *   D A T A   M E M O R Y   * * * * * * *
            REG     0000H     0008H     ABSOLUTE     "REG BANK 0"
            DATA    0008H     0015H     UNIT         _DATA_GROUP_
                    001DH     0003H                  *** GAP ***
            DATA    0020H     0001H     BIT_ADDR     ?BA?SI24R1
            BIT     0021H.0   0001H.1   UNIT         _BIT_GROUP_
                    0022H.1   0000H.7                *** GAP ***
            DATA    0023H     0022H     UNIT         ?DT?UART
            DATA    0045H     000AH     UNIT         ?DT?SI24R1
            IDATA   004FH     0040H     UNIT         ?ID?SI24R1
            IDATA   008FH     0001H     UNIT         ?STACK

            * * * * * * *   C O D E   M E M O R Y   * * * * * * *
            CODE    0000H     0003H     ABSOLUTE     
            CODE    0003H     001FH     UNIT         ?PR?_SI24R1_WRITE_REG?SI24R1
                    0022H     0001H                  *** GAP ***
            CODE    0023H     0003H     ABSOLUTE     
            CODE    0026H     035CH     UNIT         ?PR?PRINTF?PRINTF
            CODE    0382H     01A6H     UNIT         ?C?LIB_CODE
            CODE    0528H     008CH     UNIT         ?C_C51STARTUP
            CODE    05B4H     005CH     UNIT         ?PR?SI24R1_CHECK?SI24R1
            CODE    0610H     0057H     UNIT         ?PR?SI24R1_INIT?SI24R1
            CODE    0667H     0055H     UNIT         ?PR?UART_IRQN?UART
            CODE    06BCH     0049H     UNIT         ?PR?_SI24R1_TXPACKET?SI24R1
            CODE    0705H     0039H     UNIT         ?PR?_SI24R1_WRITE_BUF?SI24R1
BL51 BANKED LINKER/LOCATER V6.22                                                      11/15/2024  11:11:27  PAGE 2


            CODE    073EH     0033H     UNIT         ?PR?_SI24R1_RXPACKET?SI24R1
            CODE    0771H     0031H     UNIT         ?PR?_SI24R1_READ_BUF?SI24R1
            CODE    07A2H     002AH     UNIT         ?PR?_UART_SENDSTRING?UART
            CODE    07CCH     0028H     UNIT         ?CO?SI24R1
            CODE    07F4H     0027H     UNIT         ?PR?PUTCHAR?PUTCHAR
            CODE    081BH     0023H     UNIT         ?PR?APP_TRANSMITHANDLER?SI24R1
            CODE    083EH     001EH     UNIT         ?PR?_DELAY_MS?PUBLIC
            CODE    085CH     0019H     UNIT         ?PR?_SW_SPI_READWRITEBYTE?SI24R1
            CODE    0875H     0018H     UNIT         ?PR?UART_INIT?UART
            CODE    088DH     0015H     UNIT         ?PR?APP_RECIEVEHANDLER?SI24R1
            CODE    08A2H     0013H     UNIT         ?C_INITSEG
            CODE    08B5H     000EH     UNIT         ?PR?_UART_SENDDATA?UART
            CODE    08C3H     000DH     UNIT         ?PR?_SI24R1_READ_REG?SI24R1
            CODE    08D0H     000BH     UNIT         ?PR?INIT_IO?SI24R1
            CODE    08DBH     000BH     UNIT         ?PR?_DELAY_10US?PUBLIC
            CODE    08E6H     000AH     UNIT         ?PR?SI24R1_TX_MODE?SI24R1
            CODE    08F0H     000AH     UNIT         ?PR?SI24R1_RX_MODE?SI24R1
            CODE    08FAH     0009H     UNIT         ?PR?MAIN?MAIN
            CODE    0903H     0009H     UNIT         ?PR?RF_RX_INIT?SI24R1
            CODE    090CH     0008H     UNIT         ?PR?APP_PROCESS?SI24R1
            CODE    0914H     0006H     UNIT         ?PR?_UART_CMD?UART



OVERLAY MAP OF MODULE:   .\Obj\template (MAIN)


SEGMENT                                     BIT_GROUP          DATA_GROUP 
  +--> CALLED SEGMENT                    START    LENGTH     START    LENGTH
----------------------------------------------------------------------------
?C_C51STARTUP                            -----    -----      -----    -----
  +--> ?PR?MAIN?MAIN
  +--> ?C_INITSEG

?PR?MAIN?MAIN                            -----    -----      -----    -----
  +--> ?PR?UART_INIT?UART
  +--> ?PR?RF_RX_INIT?SI24R1
  +--> ?PR?APP_PROCESS?SI24R1

?PR?RF_RX_INIT?SI24R1                    -----    -----      -----    -----
  +--> ?PR?INIT_IO?SI24R1
  +--> ?PR?SI24R1_INIT?SI24R1
  +--> ?PR?SI24R1_RX_MODE?SI24R1

?PR?SI24R1_INIT?SI24R1                   -----    -----      -----    -----
  +--> ?PR?SI24R1_CHECK?SI24R1
  +--> ?CO?SI24R1
  +--> ?PR?PRINTF?PRINTF
  +--> ?PR?_SI24R1_WRITE_REG?SI24R1
  +--> ?PR?_SI24R1_WRITE_BUF?SI24R1

?PR?SI24R1_CHECK?SI24R1                  -----    -----      0008H    000AH
  +--> ?CO?SI24R1
  +--> ?PR?_SI24R1_WRITE_BUF?SI24R1
  +--> ?PR?_SI24R1_READ_BUF?SI24R1

?PR?_SI24R1_WRITE_BUF?SI24R1             -----    -----      0018H    0005H
BL51 BANKED LINKER/LOCATER V6.22                                                      11/15/2024  11:11:27  PAGE 3


  +--> ?PR?_SW_SPI_READWRITEBYTE?SI24R1

?PR?_SI24R1_READ_BUF?SI24R1              -----    -----      0017H    0005H
  +--> ?PR?_SW_SPI_READWRITEBYTE?SI24R1

?PR?PRINTF?PRINTF                        0021H.0  0001H.1    0008H    0014H
  +--> ?PR?PUTCHAR?PUTCHAR

?PR?_SI24R1_WRITE_REG?SI24R1             -----    -----      -----    -----
  +--> ?PR?_SW_SPI_READWRITEBYTE?SI24R1

?PR?SI24R1_RX_MODE?SI24R1                -----    -----      -----    -----
  +--> ?PR?_SI24R1_WRITE_REG?SI24R1

?PR?APP_PROCESS?SI24R1                   -----    -----      -----    -----
  +--> ?PR?APP_RECIEVEHANDLER?SI24R1
  +--> ?PR?APP_TRANSMITHANDLER?SI24R1

?PR?APP_RECIEVEHANDLER?SI24R1            -----    -----      0008H    000CH
  +--> ?PR?_SI24R1_RXPACKET?SI24R1
  +--> ?PR?_UART_SENDSTRING?UART

?PR?_SI24R1_RXPACKET?SI24R1              -----    -----      0014H    0003H
  +--> ?PR?_SI24R1_READ_REG?SI24R1
  +--> ?PR?_SI24R1_WRITE_REG?SI24R1
  +--> ?PR?_SI24R1_READ_BUF?SI24R1

?PR?_SI24R1_READ_REG?SI24R1              -----    -----      -----    -----
  +--> ?PR?_SW_SPI_READWRITEBYTE?SI24R1

?PR?_UART_SENDSTRING?UART                -----    -----      0014H    0003H
  +--> ?PR?_UART_SENDDATA?UART
  +--> ?PR?_DELAY_10US?PUBLIC

?PR?APP_TRANSMITHANDLER?SI24R1           -----    -----      0008H    000CH
  +--> ?CO?SI24R1
  +--> ?PR?_SI24R1_TXPACKET?SI24R1
  +--> ?PR?_DELAY_MS?PUBLIC

?PR?_SI24R1_TXPACKET?SI24R1              -----    -----      0014H    0004H
  +--> ?PR?SI24R1_TX_MODE?SI24R1
  +--> ?PR?_SI24R1_WRITE_BUF?SI24R1
  +--> ?PR?_SI24R1_READ_REG?SI24R1
  +--> ?PR?_SI24R1_WRITE_REG?SI24R1
  +--> ?PR?SI24R1_RX_MODE?SI24R1

?PR?SI24R1_TX_MODE?SI24R1                -----    -----      -----    -----
  +--> ?PR?_SI24R1_WRITE_REG?SI24R1



SYMBOL TABLE OF MODULE:  .\Obj\template (MAIN)

  VALUE           TYPE          NAME
  ----------------------------------

  -------         MODULE        MAIN
BL51 BANKED LINKER/LOCATER V6.22                                                      11/15/2024  11:11:27  PAGE 4


  C:0000H         SYMBOL        _ICE_DUMMY_
  D:0090H         PUBLIC        P1
  D:00B0H         PUBLIC        P3
  D:00A8H         PUBLIC        IE
  D:00B8H         PUBLIC        IP
  C:08FAH         PUBLIC        main
  D:0098H         PUBLIC        SCON
  D:0088H         PUBLIC        TCON
  D:00C8H         PUBLIC        T2CON
  D:00D0H         PUBLIC        PSW
  -------         PROC          MAIN
  C:08FAH         LINE#         22
  C:08FAH         LINE#         23
  C:08FAH         LINE#         26
  C:08FDH         LINE#         27
  C:0900H         LINE#         28
  -------         ENDPROC       MAIN
  -------         ENDMOD        MAIN

  -------         MODULE        SI24R1
  C:0000H         SYMBOL        _ICE_DUMMY_
  D:0090H         PUBLIC        P1
  D:00B0H         PUBLIC        P3
  C:0771H         PUBLIC        _Si24R1_Read_Buf
  C:08C3H         PUBLIC        _Si24R1_Read_Reg
  B:0090H.2       PUBLIC        CE
  I:004FH         PUBLIC        rx_buf
  I:006FH         PUBLIC        tx_buf
  D:00A8H         PUBLIC        IE
  D:0045H         PUBLIC        RX_ADDRESS
  C:070CH         PUBLIC        _Si24R1_Write_Buf
  D:004AH         PUBLIC        TX_ADDRESS
  C:0011H         PUBLIC        _Si24R1_Write_Reg
  D:00B8H         PUBLIC        IP
  C:0903H         PUBLIC        RF_RX_Init
  C:08F0H         PUBLIC        Si24R1_RX_Mode
  C:08E6H         PUBLIC        Si24R1_TX_Mode
  C:0610H         PUBLIC        Si24R1_Init
  C:090CH         PUBLIC        APP_Process
  C:073EH         PUBLIC        _Si24R1_RxPacket
  C:06BCH         PUBLIC        _Si24R1_TxPacket
  D:0098H         PUBLIC        SCON
  D:0088H         PUBLIC        TCON
  B:0090H.6       PUBLIC        MISO
  B:0090H.5       PUBLIC        MOSI
  C:07DEH         SYMBOL        _?ix1000
  C:07E3H         SYMBOL        _?ix1001
  C:07E8H         SYMBOL        _?ix1002
  D:0020H         PUBLIC        sta
  C:088DH         PUBLIC        APP_RecieveHandler
  B:0090H.0       PUBLIC        LED
  C:081BH         PUBLIC        APP_TransmitHandler
  B:0090H.7       PUBLIC        SCK
  B:0090H.3       PUBLIC        CSN
  D:00C8H         PUBLIC        T2CON
  C:05B4H         PUBLIC        Si24R1_Check
  B:0090H.4       PUBLIC        IRQ
BL51 BANKED LINKER/LOCATER V6.22                                                      11/15/2024  11:11:27  PAGE 5


  C:08D0H         PUBLIC        init_io
  D:00D0H         PUBLIC        PSW
  C:085CH         PUBLIC        _SW_SPI_ReadWriteByte
  -------         PROC          INIT_IO
  C:08D0H         LINE#         42
  C:08D0H         LINE#         43
  C:08D0H         LINE#         44
  C:08D2H         LINE#         45
  C:08D4H         LINE#         46
  C:08D6H         LINE#         47
  C:08D8H         LINE#         48
  C:08DAH         LINE#         49
  -------         ENDPROC       INIT_IO
  -------         PROC          _SW_SPI_READWRITEBYTE
  D:0007H         SYMBOL        byte
  -------         DO            
  D:0006H         SYMBOL        bit_ctr
  -------         ENDDO         
  C:085CH         LINE#         52
  C:085CH         LINE#         53
  C:085CH         LINE#         56
  C:085EH         LINE#         57
  C:085EH         LINE#         58
  C:0862H         LINE#         59
  C:0866H         LINE#         60
  C:0868H         LINE#         61
  C:086EH         LINE#         62
  C:0870H         LINE#         63
  C:0874H         LINE#         65
  C:0874H         LINE#         66
  -------         ENDPROC       _SW_SPI_READWRITEBYTE
  -------         PROC          L?0039
  -------         ENDPROC       L?0039
  -------         PROC          _SI24R1_WRITE_REG
  D:0007H         SYMBOL        reg
  D:0005H         SYMBOL        value
  -------         DO            
  D:0004H         SYMBOL        status
  -------         ENDDO         
  C:0011H         LINE#         72
  C:0011H         LINE#         73
  C:0011H         LINE#         75
  C:0013H         LINE#         76
  C:0018H         LINE#         77
  C:001DH         LINE#         78
  C:001FH         LINE#         80
  C:0021H         LINE#         81
  -------         ENDPROC       _SI24R1_WRITE_REG
  -------         PROC          _SI24R1_READ_REG
  D:0007H         SYMBOL        reg
  -------         DO            
  D:0007H         SYMBOL        reg_val
  -------         ENDDO         
  C:08C3H         LINE#         88
  C:08C3H         LINE#         89
  C:08C3H         LINE#         91
  C:08C5H         LINE#         92
BL51 BANKED LINKER/LOCATER V6.22                                                      11/15/2024  11:11:27  PAGE 6


  C:08C8H         LINE#         93
  C:08CDH         LINE#         94
  C:08CFH         LINE#         96
  C:08CFH         LINE#         97
  -------         ENDPROC       _SI24R1_READ_REG
  -------         PROC          L?0040
  -------         ENDPROC       L?0040
  -------         PROC          _SI24R1_WRITE_BUF
  D:0007H         SYMBOL        reg
  D:0019H         SYMBOL        pBuf
  D:001CH         SYMBOL        len
  -------         DO            
  D:0005H         SYMBOL        status
  D:0004H         SYMBOL        ctr
  -------         ENDDO         
  C:070CH         LINE#         106
  C:0712H         LINE#         107
  C:0712H         LINE#         110
  C:0714H         LINE#         111
  C:0719H         LINE#         112
  C:0721H         LINE#         113
  C:0721H         LINE#         114
  C:0736H         LINE#         117
  C:0739H         LINE#         118
  C:073BH         LINE#         119
  C:073DH         LINE#         120
  -------         ENDPROC       _SI24R1_WRITE_BUF
  -------         PROC          _SI24R1_READ_BUF
  D:0007H         SYMBOL        reg
  D:0018H         SYMBOL        pBuf
  D:001BH         SYMBOL        len
  -------         DO            
  D:0005H         SYMBOL        status
  D:0004H         SYMBOL        u8_ctr
  -------         ENDDO         
  C:0771H         LINE#         128
  C:0777H         LINE#         129
  C:0777H         LINE#         131
  C:0779H         LINE#         132
  C:077EH         LINE#         133
  C:0786H         LINE#         134
  C:0786H         LINE#         135
  C:079AH         LINE#         138
  C:079DH         LINE#         139
  C:079FH         LINE#         140
  C:07A1H         LINE#         142
  -------         ENDPROC       _SI24R1_READ_BUF
  -------         PROC          _SI24R1_TXPACKET
  D:0014H         SYMBOL        txbuf
  -------         DO            
  D:0017H         SYMBOL        sta
  -------         ENDDO         
  C:06BCH         LINE#         150
  C:06C2H         LINE#         151
  C:06C2H         LINE#         153
  C:06C4H         LINE#         154
  C:06C7H         LINE#         155
BL51 BANKED LINKER/LOCATER V6.22                                                      11/15/2024  11:11:27  PAGE 7


  C:06D5H         LINE#         156
  C:06D7H         LINE#         158
  C:06DAH         LINE#         159
  C:06E1H         LINE#         160
  C:06E8H         LINE#         161
  C:06EBH         LINE#         162
  C:06F0H         LINE#         163
  C:06F0H         LINE#         164
  C:06F7H         LINE#         165
  C:06FAH         LINE#         167
  C:06FAH         LINE#         169
  C:06FFH         LINE#         170
  C:06FFH         LINE#         172
  C:0702H         LINE#         173
  C:0702H         LINE#         175
  C:0704H         LINE#         176
  -------         ENDPROC       _SI24R1_TXPACKET
  -------         PROC          _SI24R1_RXPACKET
  D:0014H         SYMBOL        rxbuf
  -------         DO            
  D:0003H         SYMBOL        sta
  -------         ENDDO         
  C:073EH         LINE#         182
  C:0744H         LINE#         183
  C:0744H         LINE#         186
  C:074BH         LINE#         187
  C:0752H         LINE#         188
  C:0756H         LINE#         189
  C:0756H         LINE#         191
  C:0764H         LINE#         193
  C:076BH         LINE#         194
  C:076EH         LINE#         195
  C:076EH         LINE#         196
  C:0770H         LINE#         197
  -------         ENDPROC       _SI24R1_RXPACKET
  -------         PROC          SI24R1_TX_MODE
  C:08E6H         LINE#         200
  C:08E6H         LINE#         201
  C:08E6H         LINE#         203
  C:08E8H         LINE#         204
  C:08EAH         LINE#         205
  C:08EAH         LINE#         206
  C:08EDH         LINE#         207
  C:08EFH         LINE#         209
  -------         ENDPROC       SI24R1_TX_MODE
  -------         PROC          SI24R1_RX_MODE
  C:08F0H         LINE#         213
  C:08F0H         LINE#         214
  C:08F0H         LINE#         216
  C:08F2H         LINE#         217
  C:08F4H         LINE#         218
  C:08F4H         LINE#         219
  C:08F7H         LINE#         220
  C:08F9H         LINE#         222
  -------         ENDPROC       SI24R1_RX_MODE
  -------         PROC          SI24R1_CHECK
  -------         DO            
BL51 BANKED LINKER/LOCATER V6.22                                                      11/15/2024  11:11:27  PAGE 8


  D:0008H         SYMBOL        check_in_data
  D:000DH         SYMBOL        check_out_data
  -------         ENDDO         
  C:05B4H         LINE#         225
  C:05B4H         LINE#         226
  C:05B4H         LINE#         227
  C:05C7H         LINE#         228
  C:05DAH         LINE#         230
  C:05DCH         LINE#         231
  C:05E3H         LINE#         232
  C:05F1H         LINE#         233
  C:060AH         LINE#         238
  C:060DH         LINE#         240
  C:060FH         LINE#         241
  -------         ENDPROC       SI24R1_CHECK
  -------         PROC          SI24R1_INIT
  C:0610H         LINE#         245
  C:0610H         LINE#         246
  C:0610H         LINE#         247
  C:0616H         LINE#         248
  C:0616H         LINE#         249
  C:061FH         LINE#         251
  C:0621H         LINE#         254
  C:0623H         LINE#         255
  C:062AH         LINE#         256
  C:0631H         LINE#         257
  C:063FH         LINE#         258
  C:0646H         LINE#         259
  C:064BH         LINE#         260
  C:0652H         LINE#         261
  C:0658H         LINE#         262
  C:065FH         LINE#         263
  C:0664H         LINE#         265
  C:0666H         LINE#         267
  -------         ENDPROC       SI24R1_INIT
  -------         PROC          RF_RX_INIT
  C:0903H         LINE#         270
  C:0903H         LINE#         271
  C:0903H         LINE#         273
  C:0906H         LINE#         274
  C:0909H         LINE#         275
  -------         ENDPROC       RF_RX_INIT
  -------         PROC          APP_RECIEVEHANDLER
  -------         DO            
  D:0008H         SYMBOL        u
  -------         ENDDO         
  C:088DH         LINE#         278
  C:088DH         LINE#         279
  C:088DH         LINE#         281
  C:0899H         LINE#         282
  C:0899H         LINE#         284
  C:08A1H         LINE#         287
  C:08A1H         LINE#         288
  -------         ENDPROC       APP_RECIEVEHANDLER
  -------         PROC          APP_TRANSMITHANDLER
  -------         DO            
  D:0008H         SYMBOL        rx_buf
BL51 BANKED LINKER/LOCATER V6.22                                                      11/15/2024  11:11:27  PAGE 9


  -------         ENDDO         
  C:081BH         LINE#         290
  C:081BH         LINE#         291
  C:081BH         LINE#         292
  C:082EH         LINE#         293
  C:0837H         LINE#         294
  -------         ENDPROC       APP_TRANSMITHANDLER
  -------         PROC          APP_PROCESS
  C:090CH         LINE#         298
  C:090CH         LINE#         299
  C:090CH         LINE#         300
  C:090CH         LINE#         301
  C:090CH         LINE#         303
  C:090FH         LINE#         304
  C:0912H         LINE#         305
  -------         ENDPROC       APP_PROCESS
  -------         ENDMOD        SI24R1

  -------         MODULE        PUBLIC
  C:0000H         SYMBOL        _ICE_DUMMY_
  D:0090H         PUBLIC        P1
  D:00B0H         PUBLIC        P3
  D:00A8H         PUBLIC        IE
  D:00B8H         PUBLIC        IP
  D:0098H         PUBLIC        SCON
  D:0088H         PUBLIC        TCON
  C:08DBH         PUBLIC        _delay_10us
  C:083EH         PUBLIC        _delay_ms
  D:00C8H         PUBLIC        T2CON
  D:00D0H         PUBLIC        PSW
  -------         PROC          _DELAY_10US
  D:0006H         SYMBOL        ten_us
  C:08DBH         LINE#         9
  C:08DBH         LINE#         10
  C:08DBH         LINE#         11
  C:08E5H         LINE#         12
  -------         ENDPROC       _DELAY_10US
  -------         PROC          _DELAY_MS
  D:0006H         SYMBOL        ms
  -------         DO            
  D:0006H         SYMBOL        i
  D:0004H         SYMBOL        j
  -------         ENDDO         
  C:083EH         LINE#         20
  C:083EH         LINE#         21
  C:083EH         LINE#         23
  C:0847H         LINE#         24
  C:085BH         LINE#         25
  -------         ENDPROC       _DELAY_MS
  -------         ENDMOD        PUBLIC

  -------         MODULE        UART
  C:0000H         SYMBOL        _ICE_DUMMY_
  D:0090H         PUBLIC        P1
  D:00B0H         PUBLIC        P3
  B:00A8H.7       PUBLIC        EA
  D:0023H         PUBLIC        UART_RX_BUF
BL51 BANKED LINKER/LOCATER V6.22                                                      11/15/2024  11:11:27  PAGE 10


  D:00A8H         PUBLIC        IE
  D:0043H         PUBLIC        UART_RX_STA
  B:00A8H.4       PUBLIC        ES
  D:00B8H         PUBLIC        IP
  B:0098H.0       PUBLIC        RI
  B:0098H.1       PUBLIC        TI
  C:07A2H         PUBLIC        _UART_SendString
  C:08B5H         PUBLIC        _UART_SendData
  D:0099H         PUBLIC        SBUF
  D:0087H         PUBLIC        PCON
  C:0914H         PUBLIC        _UART_Cmd
  C:0875H         PUBLIC        UART_Init
  D:0098H         PUBLIC        SCON
  D:0089H         PUBLIC        TMOD
  D:0088H         PUBLIC        TCON
  D:008DH         PUBLIC        TH1
  D:008BH         PUBLIC        TL1
  B:0088H.6       PUBLIC        TR1
  D:00C8H         PUBLIC        T2CON
  C:0667H         PUBLIC        UART_IRQn
  D:00D0H         PUBLIC        PSW
  -------         PROC          UART_INIT
  C:0875H         LINE#         5
  C:0875H         LINE#         6
  C:0875H         LINE#         7
  C:0878H         LINE#         8
  C:087BH         LINE#         9
  C:087EH         LINE#         10
  C:0881H         LINE#         11
  C:0884H         LINE#         12
  C:0886H         LINE#         13
  C:0888H         LINE#         14
  C:088AH         LINE#         15
  C:088CH         LINE#         16
  -------         ENDPROC       UART_INIT
  -------         PROC          _UART_CMD
  D:0007H         SYMBOL        ensta
  C:0914H         LINE#         18
  C:0914H         LINE#         19
  C:0914H         LINE#         20
  C:0919H         LINE#         21
  -------         ENDPROC       _UART_CMD
  -------         PROC          _UART_SENDDATA
  D:0007H         SYMBOL        dat
  C:08B5H         LINE#         23
  C:08B5H         LINE#         24
  C:08B5H         LINE#         25
  C:08B7H         LINE#         26
  C:08B9H         LINE#         27
  C:08BBH         LINE#         28
  C:08BEH         LINE#         29
  C:08C0H         LINE#         30
  C:08C2H         LINE#         31
  -------         ENDPROC       _UART_SENDDATA
  -------         PROC          _UART_SENDSTRING
  D:0014H         SYMBOL        pbuf
  C:07A2H         LINE#         33
BL51 BANKED LINKER/LOCATER V6.22                                                      11/15/2024  11:11:27  PAGE 11


  C:07A8H         LINE#         34
  C:07A8H         LINE#         35
  C:07B4H         LINE#         36
  C:07B4H         LINE#         37
  C:07B7H         LINE#         38
  C:07BEH         LINE#         39
  C:07C9H         LINE#         40
  C:07CBH         LINE#         41
  -------         ENDPROC       _UART_SENDSTRING
  -------         PROC          UART_IRQN
  -------         DO            
  D:0007H         SYMBOL        r
  -------         ENDDO         
  C:0667H         LINE#         58
  C:0672H         LINE#         62
  C:0675H         LINE#         63
  C:0675H         LINE#         64
  C:0677H         LINE#         65
  C:0679H         LINE#         66
  C:067EH         LINE#         67
  C:067EH         LINE#         68
  C:0681H         LINE#         69
  C:0681H         LINE#         70
  C:0688H         LINE#         71
  C:068BH         LINE#         72
  C:068DH         LINE#         74
  C:068DH         LINE#         75
  C:0695H         LINE#         77
  C:0695H         LINE#         78
  C:069CH         LINE#         79
  C:06A4H         LINE#         80
  C:06B3H         LINE#         81
  C:06B3H         LINE#         82
  C:06B3H         LINE#         83
  C:06B3H         LINE#         84
  C:06B3H         LINE#         85
  -------         ENDPROC       UART_IRQN
  -------         ENDMOD        UART

  -------         MODULE        SPI
  C:0000H         SYMBOL        _ICE_DUMMY_
  -------         ENDMOD        SPI

  -------         MODULE        ?C?COPY
  C:0452H         PUBLIC        ?C?COPY
  -------         ENDMOD        ?C?COPY

  -------         MODULE        ?C?CLDPTR
  C:0478H         PUBLIC        ?C?CLDPTR
  -------         ENDMOD        ?C?CLDPTR

  -------         MODULE        ?C?CSTOPTR
  C:0491H         PUBLIC        ?C?CSTOPTR
  -------         ENDMOD        ?C?CSTOPTR

  -------         MODULE        PRINTF
  D:0008H         PUBLIC        ?_PRINTF517?BYTE
BL51 BANKED LINKER/LOCATER V6.22                                                      11/15/2024  11:11:27  PAGE 12


  D:0008H         PUBLIC        ?_PRINTF?BYTE
  D:0008H         PUBLIC        ?_SPRINTF517?BYTE
  D:0008H         PUBLIC        ?_SPRINTF?BYTE
  C:0088H         PUBLIC        _PRINTF
  C:0088H         PUBLIC        _PRINTF517
  C:0082H         PUBLIC        _SPRINTF
  C:0082H         PUBLIC        _SPRINTF517
  -------         ENDMOD        PRINTF

  -------         MODULE        ?C?CLDOPTR
  C:04B3H         PUBLIC        ?C?CLDOPTR
  -------         ENDMOD        ?C?CLDOPTR

  -------         MODULE        ?C?CSTPTR
  C:04E0H         PUBLIC        ?C?CSTPTR
  -------         ENDMOD        ?C?CSTPTR

  -------         MODULE        ?C?PLDIIDATA
  C:04F2H         PUBLIC        ?C?PLDIIDATA
  -------         ENDMOD        ?C?PLDIIDATA

  -------         MODULE        ?C?CCASE
  C:0502H         PUBLIC        ?C?CCASE
  -------         ENDMOD        ?C?CCASE

  -------         MODULE        PUTCHAR
  C:07F4H         PUBLIC        _PUTCHAR
  -------         ENDMOD        PUTCHAR

*** WARNING L16: UNCALLED SEGMENT, IGNORED FOR OVERLAY PROCESS
    SEGMENT: ?PR?_UART_CMD?UART

Program Size: data=140.1 xdata=0 code=2329
LINK/LOCATE RUN COMPLETE.  1 WARNING(S),  0 ERROR(S)
